---
source: tests/snapshot.rs
expression: "format!(\"==== LOG ====\\n{}\\n==== LISTING ====\\n{}\\n==== EXIT {} ====\",\noutcome.log, outcome.listing, outcome.exit_code)"
input_file: tests/fixtures/m35/sysfunc_full.sas
---
==== LOG ====
r=edcba
s=12
m=Hello World
d=04JUL1776
cash=$1,234.50
bad=/* ERROR: Function no_such_fn not found or not supported by %SYSFUNC */

==== LISTING ====

==== EXIT 0 ====
