---
source: sas_interpreter/tests/snapshot.rs
expression: "format!(\"==== LOG ====\\n{}\\n==== LISTING ====\\n{}\\n==== EXIT {} ====\",\noutcome.log, outcome.listing, outcome.exit_code)"
input_file: sas_interpreter/tests/fixtures/m2/options_output.sas
---
==== LOG ====

1     libname d 'data';
NOTE: Libref D was successfully assigned as follows:
            Engine:        PARQUET
            Physical Name: data

2     data work.boys work.girls;
3       set d.class(keep=name sex age where=(age >= 14));
4       if age = 16 then status = .a;
5       if sex = 'M' then output work.boys;
6       else output work.girls;
7     run;
NOTE: There were 9 observations read from the data set D.CLASS.
NOTE: The data set WORK.BOYS has 5 observations and 4 variables.
NOTE: The data set WORK.GIRLS has 4 observations and 4 variables.
NOTE: DATA statement used (Total process time):
            real time           0.00 seconds
            cpu time            0.00 seconds

8     title 'Boys aged 14+';

9     proc print data=work.boys;
10    run;
NOTE: There were 5 observations read from the data set WORK.BOYS.
NOTE: PROCEDURE PRINT used (Total process time):
            real time           0.00 seconds
            cpu time            0.00 seconds

11    title 'Girls aged 14+';

12    proc print data=work.girls;
13    run;
NOTE: There were 4 observations read from the data set WORK.GIRLS.
NOTE: PROCEDURE PRINT used (Total process time):
            real time           0.00 seconds
            cpu time            0.00 seconds

==== LISTING ====
                                         Boys aged 14+

                             Obs    name       sex    age    status

                               1    Alfred     M       14         .
                               2    Henry      M       14         .
                               3    Philip     M       16         A
                               4    Ronald     M       15         .
                               5    William    M       15         .

                                         Girls aged 14+

                              Obs    name     sex    age    status

                                1    Carol    F       14         .
                                2    Janet    F       15         .
                                3    Judy     F       14         .
                                4    Mary     F       15         .

==== EXIT 0 ====
