---
source: sas_interpreter/tests/snapshot.rs
expression: "format!(\"==== LOG ====\\n{}\\n==== LISTING ====\\n{}\\n==== EXIT {} ====\",\noutcome.log, outcome.listing, outcome.exit_code)"
input_file: sas_interpreter/tests/fixtures/m14/put_report.sas
---
==== LOG ====

1     data _null_;
2       infile datalines;
3       input name $ age height;
4       file print;
5       put 'Student: ' name @20 'Age:' age 3. @32 'Ht:' height 6.1;
6     datalines;
7     Alfred 14 69.0
8     Alice 13 56.5
9     Henry 14 63.5
10    ;
11    run;
NOTE: 3 records were read from the infile DATALINES.
NOTE: DATA statement used (Total process time):
            real time           0.00 seconds
            cpu time            0.00 seconds

==== LISTING ====
Student:  Alfred   Age: 14     Ht:  69.0
Student:  Alice    Age: 13     Ht:  56.5
Student:  Henry    Age: 14     Ht:  63.5

==== EXIT 0 ====
