---
source: tests/snapshot.rs
expression: "format!(\"==== LOG ====\\n{}\\n==== LISTING ====\\n{}\\n==== EXIT {} ====\",\noutcome.log, outcome.listing, outcome.exit_code)"
input_file: tests/fixtures/m34/ttest_options.sas
---
==== LOG ====

1     libname d 'data';
NOTE: Libref D was successfully assigned as follows:
            Engine:        PARQUET
            Physical Name: data

2     proc sort data=d.class out=class_by;
3       by sex;
4     run;
NOTE: PROCEDURE SORT used (Total process time):
            real time           0.00 seconds
            cpu time            0.00 seconds

5     title 'PROC TTEST BY sex: height vs H0=60';

6     proc ttest data=class_by h0=60;
7       var height;
8       by sex;
9     run;
NOTE: PROCEDURE TTEST used (Total process time):
            real time           0.00 seconds
            cpu time            0.00 seconds

10    title 'PROC TTEST SIDES=U: height vs H0=60 (one-sided upper)';

11    proc ttest data=d.class h0=60 sides=u;
12      var height;
13    run;
NOTE: PROCEDURE TTEST used (Total process time):
            real time           0.00 seconds
            cpu time            0.00 seconds

14    title 'PROC TTEST CI columns: height vs H0=60 (CI=95)';

15    proc ttest data=d.class h0=60 ci=95;
16      var height;
17    run;
NOTE: PROCEDURE TTEST used (Total process time):
            real time           0.00 seconds
            cpu time            0.00 seconds

18    title;

==== LISTING ====
                               PROC TTEST BY sex: height vs H0=60

                                      The TTEST Procedure

sex=F

                                       One-Sample t Tests

  Variable    N       Mean    Std Dev    Std Err    Minimum    Maximum    t Value    Pr > |t|

  height      9    60.5889     5.0183     1.6728    51.3000    66.5000     0.3520      0.7339

sex=M

                                       One-Sample t Tests

  Variable     N       Mean    Std Dev    Std Err    Minimum    Maximum    t Value    Pr > |t|

  height      10    63.9100     4.9379     1.5615    57.3000    72.0000     2.5040      0.0336


                     PROC TTEST SIDES=U: height vs H0=60 (one-sided upper)

                                      The TTEST Procedure

                                       One-Sample t Tests

   Variable     N       Mean    Std Dev    Std Err    Minimum    Maximum    t Value    Pr > t

   height      19    62.3368     5.1271     1.1762    51.3000    72.0000     1.9867    0.0312


                         PROC TTEST CI columns: height vs H0=60 (CI=95)

                                      The TTEST Procedure

                                       One-Sample t Tests

Variable     N       Mean    Std Dev    Std Err    Minimum    Maximum    95% CL Mean L    95% CL Mean U    95% CL Std L    95% CL Std U    t Value    Pr > |t|

height      19    62.3368     5.1271     1.1762    51.3000    72.0000          59.8657          64.8080          3.8741          7.5820     1.9867      0.0624


==== EXIT 0 ====
