---
source: tests/snapshot.rs
expression: "format!(\"==== LOG ====\\n{}\\n==== LISTING ====\\n{}\\n==== EXIT {} ====\",\noutcome.log, outcome.listing, outcome.exit_code)"
input_file: tests/fixtures/m33/report_options.sas
---
==== LOG ====

1     libname d 'data';
NOTE: Libref D was successfully assigned as follows:
            Engine:        PARQUET
            Physical Name: data

2     title 'REPORT: FORMAT= / WIDTH= / SPACING= + computed _Cn_ ratio';

3     proc report data=d.class nowd;
4       column sex height weight ratio;
5       define sex    / group;
6       define height / analysis mean format=6.2;
7       define weight / analysis mean width=10 spacing=5;
8       define ratio  / computed format=6.3;
9       compute ratio;
10        ratio = _c3_ / _c2_;
11      endcomp;
12    run;
NOTE: There were 19 observations read from the data set D.CLASS.
NOTE: PROCEDURE REPORT used (Total process time):
            real time           0.00 seconds
            cpu time            0.00 seconds

==== LISTING ====
                   REPORT: FORMAT= / WIDTH= / SPACING= + computed _Cn_ ratio

  sex  height         weight  ratio

  F     60.59     90.1111111  1.487
  M     63.91         108.95  1.705

==== EXIT 0 ====
