---
source: sas_interpreter/tests/snapshot.rs
assertion_line: 28
expression: "format!(\"==== LOG ====\\n{}\\n==== LISTING ====\\n{}\\n==== EXIT {} ====\",\noutcome.log, outcome.listing, outcome.exit_code)"
input_file: sas_interpreter/tests/fixtures/m9/report.sas
---
==== LOG ====

1     libname d 'data';
NOTE: Libref D was successfully assigned as follows:
            Engine:        PARQUET
            Physical Name: data

2     title 'Detail report';

3     proc report data=d.class nowd;
4       column name sex age weight;
5     run;
NOTE: There were 19 observations read from the data set D.CLASS.
NOTE: PROCEDURE REPORT used (Total process time):
            real time           0.00 seconds
            cpu time            0.00 seconds

6     title 'Mean weight and height by sex';

7     proc report data=d.class nowd;
8       column sex weight height;
9       define sex / group;
10      define weight / analysis mean 'Mean Weight';
11      define height / analysis mean 'Mean Height';
12    run;
NOTE: There were 19 observations read from the data set D.CLASS.
NOTE: PROCEDURE REPORT used (Total process time):
            real time           0.00 seconds
            cpu time            0.00 seconds

==== LISTING ====
                                         Detail report

                                name       sex    age    weight

                                Alfred     M       14     112.5
                                Alice      F       13        84
                                Barbara    F       13        98
                                Carol      F       14     102.5
                                Henry      M       14     102.5
                                James      M       12        83
                                Jane       F       12      84.5
                                Janet      F       15     112.5
                                Jeffrey    M       13        84
                                John       M       12      99.5
                                Joyce      F       11      50.5
                                Judy       F       14        90
                                Louise     F       12        77
                                Mary       F       15       112
                                Philip     M       16       150
                                Robert     M       12       128
                                Ronald     M       15       133
                                Thomas     M       11        85
                                William    M       15       112

                                 Mean weight and height by sex

                              sex     Mean Weight     Mean Height

                              F      90.111111111    60.588888889
                              M            108.95           63.91

==== EXIT 0 ====
