---
source: tests/snapshot.rs
expression: "format!(\"==== LOG ====\\n{}\\n==== LISTING ====\\n{}\\n==== EXIT {} ====\",\noutcome.log, outcome.listing, outcome.exit_code)"
input_file: tests/fixtures/m36/mtest.sas
---
==== LOG ====

1     libname d 'data';
NOTE: Libref D was successfully assigned as follows:
            Engine:        PARQUET
            Physical Name: data

2     title 'PROC REG: MTEST multivariate tests (two responses)';

3     proc reg data=d.class;
4       model weight height = age;
5       mtest age;
6     run;
NOTE: There were 19 observations read from the data set D.CLASS.
NOTE: There were 19 observations used.
NOTE: There were 19 observations used.
NOTE: PROCEDURE REG used (Total process time):
            real time           0.00 seconds
            cpu time            0.00 seconds

7     title 'PROC REG: VAR / ADD / DELETE / REWEIGHT (run-group)';

8     proc reg data=d.class;
9       var age height;
10      model weight = age;
11      add height;
12      reweight age < 12;
13    run;
NOTE: The REWEIGHT statement (interactive observation reweighting) is not supported in this build; it was ignored.
NOTE: ADD/DELETE statements were applied to the final model fit; interactive editing between RUN groups is not supported in this build.
NOTE: There were 19 observations read from the data set D.CLASS.
NOTE: There were 19 observations used.
NOTE: PROCEDURE REG used (Total process time):
            real time           0.00 seconds
            cpu time            0.00 seconds

14    title;

==== LISTING ====
                       PROC REG: MTEST multivariate tests (two responses)

                                       The REG Procedure
                                         Model: MODEL1
                                   Dependent Variable: weight

               Number of Observations Read         19
               Number of Observations Used         19


                                      Analysis of Variance

          Source             DF    Sum of Squares    Mean Square    F Value    Pr > F

          Model               1        5124.49111     5124.49111      20.69    0.0003
          Error              17        4211.24573      247.72034
          Corrected Total    18        9335.73684


Root MSE             15.73913    R-Square     0.5489
Dependent Mean       100.02632    Adj R-Sq     0.5224
Coeff Var            15.73499


         Variable     DF    Parameter Estimate    Standard Error    t Value    Pr > |t|

         Intercept     1             -50.49278          33.29023      -1.52      0.1477
         age           1              11.30381           2.48531       4.55      0.0003

                       PROC REG: MTEST multivariate tests (two responses)

                                       The REG Procedure
                                         Model: MODEL1
                                   Dependent Variable: height

               Number of Observations Read         19
               Number of Observations Used         19


                                      Analysis of Variance

          Source             DF    Sum of Squares    Mean Square    F Value    Pr > F

          Model               1         311.54348      311.54348      32.77    <.0001
          Error              17         161.62073        9.50710
          Corrected Total    18         473.16421


Root MSE             3.08336    R-Square     0.6584
Dependent Mean       62.33684    Adj R-Sq     0.6383
Coeff Var            4.94629


         Variable     DF    Parameter Estimate    Standard Error    t Value    Pr > |t|

         Intercept     1              25.22388           6.52169       3.87      0.0012
         age           1               2.78714           0.48688       5.72      <.0001


                                      Multivariate Test: 1

           Statistic                  Value    F Value    Num DF    Den DF    Pr > F

           Wilks' Lambda             0.3380      15.67         2        16    0.0002
           Pillai's Trace            0.6620      15.67         2        16    0.0002
           Hotelling-Lawley Trace    1.9585      15.67         2        16    0.0002
           Roy's Greatest Root       1.9585      15.67         2        16    0.0002

                      PROC REG: VAR / ADD / DELETE / REWEIGHT (run-group)

                                       The REG Procedure
                                         Model: MODEL1
                                   Dependent Variable: weight

               Number of Observations Read         19
               Number of Observations Used         19


                                      Analysis of Variance

          Source             DF    Sum of Squares    Mean Square    F Value    Pr > F

          Model               2        7215.63710     3607.81855      27.23    <.0001
          Error              16        2120.09974      132.50623
          Corrected Total    18        9335.73684


Root MSE             11.51114    R-Square     0.7729
Dependent Mean       100.02632    Adj R-Sq     0.7445
Coeff Var            11.50811


         Variable     DF    Parameter Estimate    Standard Error    t Value    Pr > |t|

         Intercept     1            -141.22376          33.38309      -4.23      0.0006
         age           1               1.27839           3.11010       0.41      0.6865
         height        1               3.59703           0.90546       3.97      0.0011

==== EXIT 0 ====
