---
source: tests/snapshot.rs
expression: "format!(\"==== LOG ====\\n{}\\n==== LISTING ====\\n{}\\n==== EXIT {} ====\",\noutcome.log, outcome.listing, outcome.exit_code)"
input_file: tests/fixtures/j08/by_corr.sas
---
==== LOG ====

1     libname d 'data';
NOTE: Libref D was successfully assigned as follows:
            Engine:        PARQUET
            Physical Name: data

2     proc sort data=d.class out=class;
3       by sex;
4     run;
NOTE: PROCEDURE SORT used (Total process time):
            real time           0.00 seconds
            cpu time            0.00 seconds

5     proc corr data=class outp=work.corrout;
6       by sex;
7       var height weight;
8     run;
NOTE: The data set WORK.CORROUT has 16 observations and 5 variables.
NOTE: PROCEDURE CORR used (Total process time):
            real time           0.00 seconds
            cpu time            0.00 seconds

9     proc print data=work.corrout noobs;
10    run;
NOTE: There were 16 observations read from the data set WORK.CORROUT.
NOTE: PROCEDURE PRINT used (Total process time):
            real time           0.00 seconds
            cpu time            0.00 seconds

==== LISTING ====
                                         The SAS System

                                       The CORR Procedure

sex=F

2 Variables:  height weight

                                       Simple Statistics

          Variable    N            Mean         Std Dev      Sum    Minimum    Maximum

          height      9    60.588888889    5.0183275213    545.3       51.3       66.5
          weight      9    90.111111111     19.38391372      811       50.5      112.5

                                Pearson Correlation Coefficients
                                   Prob > |r| under H0: Rho=0

                                             height     weight

                                  height    1.00000    0.88655
                                                        0.0014
                                  weight    0.88655    1.00000
                                             0.0014

sex=M

2 Variables:  height weight

                                       Simple Statistics

            Variable     N      Mean         Std Dev       Sum    Minimum    Maximum

            height      10     63.91    4.9379370411     639.1       57.3         72
            weight      10    108.95    22.727186363    1089.5         83        150

                                Pearson Correlation Coefficients
                                   Prob > |r| under H0: Rho=0

                                             height     weight

                                  height    1.00000    0.85008
                                                        0.0018
                                  weight    0.85008    1.00000
                                             0.0018


                                         The SAS System

                    sex    _TYPE_    _NAME_          height          weight

                    F      N                              9               9
                    F      MEAN                60.588888889    90.111111111
                    F      STD                 5.0183275213     19.38391372
                    F      SUM                        545.3             811
                    F      MIN                         51.3            50.5
                    F      MAX                         66.5           112.5
                    F      CORR      height               1    0.8865488733
                    F      CORR      weight    0.8865488733               1
                    M      N                             10              10
                    M      MEAN                       63.91          108.95
                    M      STD                 4.9379370411    22.727186363
                    M      SUM                        639.1          1089.5
                    M      MIN                         57.3              83
                    M      MAX                           72             150
                    M      CORR      height               1    0.8500797723
                    M      CORR      weight    0.8500797723               1

==== EXIT 0 ====
